
> emon-portfolio@0.1.0 build
> next build

Γû▓ Next.js 16.1.6 (Turbopack)
- Environments: .env.local

  Creating an optimized production build ...
npm : 
At line:1 char:1
+ npm run build > build_error.log 2>&1
+ ~~~~~~~~~~~~~~~~~~~~~~~~~~~~~~~~~~~~
    + CategoryInfo          : NotSpecified:  
   (:String) [], RemoteException
    + FullyQualifiedErrorId : NativeCommandE 
   rror
 
> Build error occurred
Error: Turbopack build failed with 1 errors:
./app/globals.css:4:2
Module not found: Can't resolve 
'tw-animate-css'
[0m [90m 2 |[39m [90m/* @import 
"./fonts.css"; */[39m
 [90m 3 |[39m [33m@[39m[36mimport[39m 
[32m"./theme.css"[39m[33m;[39m
[31m[1m>[22m[39m[90m 4 |[39m 
[33m@[39m[36mimport[39m 
[32m"tw-animate-css"[39m[33m;[39m
 [90m   |[39m  [31m[1m^[22m[39m
 [90m 5 |[39m
 [90m 6 |[39m 
[33m@[39mcustom[33m-[39mvariant dark 
([33m&[39m[33m:[39mis([33m.[39mdark 
[33m*[39m))[33m;[39m
 [90m 7 |[39m[0m



Import trace:
  Client Component Browser:
    ./app/globals.css [Client Component 
Browser]
    ./app/layout.tsx [Server Component]

https://nextjs.org/docs/messages/module-not-f
ound


    at <unknown> (./app/globals.css:4:2)
    at <unknown> (https://nextjs.org/docs/mes
sages/module-not-found)
